[2026-02-28 01:31:18] [ShopID:1291] [genie（ジーニー）] [https://genie-osaka.com/] [AI学習失敗]
[2026-02-28 01:31:45] [ShopID:1290] [rinse（リンス）（出張）] [https://rinse-esthe.com/] [AI学習失敗]
[2026-02-28 01:32:12] [ShopID:1288] [クリィミーママ] [https://creamy-mama.com/] [AI学習失敗]
[2026-02-28 01:32:41] [ShopID:1287] [ヒミツの残業spa] [https://www.himitsu-no-zangyo.com/] [AI学習失敗]
[2026-02-28 01:33:08] [ShopID:1285] [ミセスメルティー 三宮店] [https://melty-salon.com/] [AI学習失敗]
[2026-02-28 01:33:36] [ShopID:1284] [ダンディハウス 京橋京阪モール店] [https://www.dandy-house.co.jp/] [AI学習失敗]
[2026-02-28 01:34:04] [ShopID:1283] [SOLEA 本店（ソレア）] [https://www.solea-honten.com/] [AI学習失敗]
[2026-02-28 01:34:32] [ShopID:1282] [le meilleur（ル・メイユール）] [https://lemeilleurspa.com/] [AI学習失敗]
[2026-02-28 01:34:58] [ShopID:1281] [Unknown（アンノウン）] [https://unknownosaka.com/top] [AI学習失敗]
[2026-02-28 01:35:25] [ShopID:1280] [リフレ院] [https://l-refrain.com/] [AI学習失敗]
[2026-02-28 01:35:52] [ShopID:1279] [源氏の湯] [https://genji-yu.com/uji/] [AI学習失敗]
[2026-02-28 01:36:38] [ShopID:1277] [力の湯] [https://chikara-u.com/] [AI学習失敗]
[2026-02-28 01:37:05] [ShopID:1276] [風風の湯（ふふのゆ）] [https://dormy-hotels.com/mente/] [AI学習失敗]
[2026-02-28 01:37:32] [ShopID:1275] [延羽の湯 鶴橋店] [https://www.nobuta123.co.jp/nobehatsuruhashi/] [AI学習失敗]
[2026-02-28 01:37:58] [ShopID:1274] [メンズリゼクリニック 京都河原町院] [https://www.mens-rize.com/lp/01/?utm_source=affiliate&utm_medium=cpc&utm_campaign=affmedia2&utm_content=others&argument=yeC4zemu&dmai=a67332cea9cdc1&fpc=6.1.90.ef869e07940603do.1779818343000] [AI学習失敗]
[2026-02-28 01:38:25] [ShopID:1272] [はなの湯] [https://www.hanano-yu.jp/index.html] [AI学習失敗]
[2026-02-28 01:38:53] [ShopID:1271] [Selenel（セレーネ）] [https://selene-himeji.com/] [AI学習失敗]
[2026-02-28 01:39:21] [ShopID:1270] [RefleSheer（リフレシア）] [https://reflesheer.shopinfo.jp/] [AI学習失敗]
[2026-02-28 01:39:48] [ShopID:1268] [cocoro（ココロ）] [http://cocoro5560.com/] [AI学習失敗]
[2026-02-28 01:40:16] [ShopID:1267] [Spa Silvia（スパシルビア）] [https://spa-silvia.com/top] [AI学習失敗]
[2026-02-28 01:40:43] [ShopID:1266] [ラ・パルレ 神戸本店] [https://www.parler.co.jp/mens/] [AI学習失敗]
[2026-02-28 01:41:33] [ShopID:1264] [メンズリゼクリニック 心斎橋院] [https://www.mens-rize.com/lp/01/?utm_source=affiliate&utm_medium=cpc&utm_campaign=affmedia2&utm_content=others&argument=yeC4zemu&dmai=a67332cea9cdc1&fpc=6.1.90.0476987b4930f05G.1779818324000] [AI学習失敗]
[2026-02-28 01:42:02] [ShopID:1263] [Moon light（ムーンライト）] [https://moonlight-nara.com/] [AI学習失敗]
[2026-02-28 01:42:29] [ShopID:1262] [Yours（ユアーズ）] [https://yours-nangokumonogatari.com/] [AI学習失敗]
[2026-02-28 01:42:56] [ShopID:1261] [Ritz（リッツ）] [https://r.goope.jp/ritz/] [AI学習失敗]
[2026-02-28 01:43:24] [ShopID:1259] [あしぎぬ温泉] [http://www.ashiginu.com/] [AI学習失敗]
[2026-02-28 01:43:52] [ShopID:1258] [fable（フェーブル）] [https://fable.storeinfo.jp/] [AI学習失敗]
[2026-02-28 01:44:19] [ShopID:1257] [メンズリゼクリニック 大阪梅田院] [https://www.mens-rize.com/lp/01/?utm_source=affiliate&utm_medium=cpc&utm_campaign=affmedia2&utm_content=others&argument=yeC4zemu&dmai=a67332cea9cdc1&fpc=6.1.90.0b492b3f9653f08Y.1779818299000] [AI学習失敗]
[2026-02-28 01:44:46] [ShopID:1256] [Milky Spa（ミルキースパ）] [https://milky-spa.com/] [AI学習失敗]
[2026-02-28 01:45:13] [ShopID:1255] [天然温泉 ひなたの湯] [https://www.hinatanoyu.com/] [AI学習失敗]
[2026-02-28 01:45:41] [ShopID:1254] [仁左衛門の湯] [http://www.nizaemon.com/] [AI学習失敗]
[2026-02-28 01:46:08] [ShopID:1253] [KIRARI（キラリ）] [https://www.kirari-esthe.net/] [AI学習失敗]
[2026-02-28 01:46:35] [ShopID:1252] [メンズリゼクリニック 神戸三宮院] [https://www.mens-rize.com/lp/01/?utm_source=affiliate&utm_medium=cpc&utm_campaign=affmedia2&utm_content=others&argument=yeC4zemu&dmai=a67332cea9cdc1&fpc=6.1.90.a3b89f0e6927005w.1779818283000] [AI学習失敗]
[2026-02-28 01:47:03] [ShopID:1251] [今宵は、（こよいは）] [https://koyoiwa.com/] [AI学習失敗]
[2026-02-28 01:47:30] [ShopID:1250] [Buzz（バズ）] [https://www.mensesthe-kobe.net/] [AI学習失敗]
[2026-02-28 01:47:58] [ShopID:1248] [Mrs.X1（ミセスエックスワン）] [https://x1-esthe.com/] [AI学習失敗]
[2026-02-28 01:48:26] [ShopID:1247] [e.l.f（エルフ）] [https://elf.men-este.com/] [AI学習失敗]
[2026-02-28 01:48:53] [ShopID:1246] [Mrs.science（ミセスサイエンス）] [https://mrs-science.com/] [AI学習失敗]
[2026-02-28 01:49:20] [ShopID:1245] [ゴリラクリニック 大阪心斎橋院] [https://gorilla.clinic/operation/epilation/lp/003/c/?argument=crQCtez5&dmai=a6969f18c7d34d&utm_source=affiliate&utm_medium=cpc&utm_campaign=epilation&utm_content=adrim&cid=699f387a70050&p=5e70891c4057c] [AI学習失敗]
[2026-02-28 01:49:48] [ShopID:1244] [Secret Garden（シークレットガーデン）] [https://menssalon-sg.com/] [AI学習失敗]
[2026-02-28 01:50:17] [ShopID:1243] [Mrs AURA（ミセスアウラ）] [https://mrs-aura.com/] [AI学習失敗]
[2026-02-28 01:50:43] [ShopID:1242] [ROSA（ロッサ）] [http://www.spa-rosa.net/] [AI学習失敗]
[2026-02-28 01:51:10] [ShopID:1240] [ひじりのね] [https://hijirinone.com/] [AI学習失敗]
[2026-02-28 01:51:38] [ShopID:1239] [俺のエステ] [https://www.oreno-e.com/] [AI学習失敗]
[2026-02-28 01:52:06] [ShopID:1238] [ももみん] [https://momomin.com/] [AI学習失敗]
[2026-02-28 01:52:33] [ShopID:1237] [殿様気分] [https://spa-tono.com/] [AI学習失敗]
[2026-02-28 01:52:59] [ShopID:1236] [SUNSET SPA（サンセットスパ）] [https://sunset-spa.net/] [AI学習失敗]
[2026-02-28 01:53:27] [ShopID:1235] [monsourire（モンスゥリール）] [https://monsourire0333.com/] [AI学習失敗]
[2026-02-28 01:53:54] [ShopID:1234] [LINDA LINDA 神戸（リンダリンダ）] [https://linda-kobe.com/] [AI学習失敗]
[2026-02-28 01:54:23] [ShopID:1233] [竜宮城（りゅうぐうじょう）] [https://ryuuguujou.men-es.jp/] [AI学習失敗]
[2026-02-28 01:54:50] [ShopID:1232] [NAROMA 奈良店（ナロマ）] [https://naroma.jp/] [AI学習失敗]
[2026-02-28 01:55:17] [ShopID:1231] [白ねこエステ] [https://kobe-refle.com/] [AI学習失敗]
[2026-02-28 01:55:47] [ShopID:1230] [マダムと紳士] [https://madam-and-gentleman.net/] [AI学習失敗]
[2026-02-28 01:56:14] [ShopID:1229] [QUEEN LUXURY（クイーンラグジュアリー）] [https://esthe-queenluxury.com/] [AI学習失敗]
[2026-02-28 01:56:40] [ShopID:1227] [bryth（ブライス）] [https://brythkobe.com/] [AI学習失敗]
[2026-02-28 01:57:07] [ShopID:1226] [glow（グロウ）] [https://www.glow-himeji.com/] [AI学習失敗]
[2026-02-28 01:57:34] [ShopID:1225] [竹取物語（たけとりものがたり）] [https://taketorimonogatari.men-este.com/] [AI学習失敗]
[2026-02-28 01:58:00] [ShopID:1224] [上位1%のセラピスト J1（ジェイワン）] [https://esthe-j1.com/] [AI学習失敗]
[2026-02-28 01:58:28] [ShopID:1223] [マダム・ロッソ] [https://www.madamurosso.com/] [AI学習失敗]
[2026-02-28 01:58:56] [ShopID:1222] [STAR LIGHT（スターライト）] [https://esthe-starlight.net/] [AI学習失敗]
[2026-02-28 01:59:22] [ShopID:1221] [Riru cheri（リルシェ）] [https://riru-cheri.com/] [AI学習失敗]
[2026-02-28 01:59:49] [ShopID:1220] [DEA（デーア）] [https://dea-private-salon.com/] [AI学習失敗]
[2026-02-28 02:00:17] [ShopID:1219] [癒し本舗 豊中店] [https://iyashihonpo-group.com/toyonaka/] [AI学習失敗]
[2026-02-28 02:00:45] [ShopID:1218] [ゆりかご 神戸尼崎店] [https://yurikago-kobe.com/] [AI学習失敗]
[2026-02-28 02:01:13] [ShopID:1217] [ヴィーナス神戸] [https://kobe-esthetic.com/] [AI学習失敗]
[2026-02-28 02:01:40] [ShopID:1216] [10ct RESORT（テンカラットリゾート）] [https://10ct-resort.com/] [AI学習失敗]
[2026-02-28 02:02:09] [ShopID:1215] [Larus（ラルス）] [https://www.larusspa.com/] [AI学習失敗]
[2026-02-28 02:02:35] [ShopID:1214] [ゆめごこち] [https://www.yume--gokochi.com/] [AI学習失敗]
[2026-02-28 02:03:02] [ShopID:1213] [神戸美人] [https://kobe-bijin.net/] [AI学習失敗]
[2026-02-28 02:03:30] [ShopID:1212] [大人女子～穏やかなご褒美～] [https://otonajoshi-osaka.com/] [AI学習失敗]
[2026-02-28 02:03:57] [ShopID:1211] [蛍（ほたる）] [https://hotaru-osaka.com/top] [AI学習失敗]
[2026-02-28 02:04:24] [ShopID:1210] [Elin（エリン）] [http://www.osakaelin.com/] [AI学習失敗]
[2026-02-28 02:04:52] [ShopID:1209] [AZ（アズ）] [https://az-himeji.com/] [AI学習失敗]
[2026-02-28 02:05:18] [ShopID:1208] [Charme（シャルム）] [https://charme-osaka.net/] [AI学習失敗]
[2026-02-28 02:05:45] [ShopID:1207] [GOD in GOD（ゴッドインゴッド）] [https://www.god-in-god.com/] [AI学習失敗]
[2026-02-28 02:06:12] [ShopID:1205] [AROMA COCO（アロマ ココ）] [https://osaka.refle.info/pUrl/aromacoco/] [AI学習失敗]
[2026-02-28 02:06:39] [ShopID:1203] [Feliz（フェリス）] [https://www.osakafeliz.com/] [AI学習失敗]
[2026-02-28 02:07:05] [ShopID:1202] [フェアリータッチ] [https://fairy-touch.com/] [AI学習失敗]
[2026-02-28 02:07:33] [ShopID:1201] [SARISARI（サリサリ）] [https://sarisari.jp/] [AI学習失敗]
[2026-02-28 02:08:01] [ShopID:1200] [L＆A（エルアンドエー）] [https://osaka.refle.info/pUrl/landa/] [AI学習失敗]
[2026-02-28 02:08:28] [ShopID:1199] [MEN’S TBC 京橋駅前店] [https://www.af-mark.jp/tbc/?id=18605&nmitemlink=https%3A%2F%2Fwww.tbc.co.jp%2Fmens%2Ffacial%2Fcampaign%2F%3Faf%3D1%26waad%3DQKdzkkKc&uid=&a8=adkgodm_SnGl.B.lXD.J2ch5Qn6vCcEqCDUE4BE5yJj_SnkHWnhaUnh_A78YhYbURJFcEQknAdkg9s00000010235003] [AI学習失敗]
[2026-02-28 02:08:55] [ShopID:1198] [APEX（アペックス）] [https://9aroma9g.wixsite.com/apex-himeji] [AI学習失敗]
[2026-02-28 02:09:23] [ShopID:1197] [S-class（エスクラス）] [https://www.sclassdesu.com/] [AI学習失敗]
[2026-02-28 02:09:51] [ShopID:1196] [Mrs.Curage（ミセスクラージュ）] [https://www.mrs-curage.com/] [AI学習失敗]
[2026-02-28 02:10:19] [ShopID:1195] [SPAハイスペ] [https://highspec-osaka.com/] [AI学習失敗]
[2026-02-28 02:10:45] [ShopID:1194] [Oil＆Me（オイルアンドミー）] [https://oil-and-me.com/] [AI学習失敗]
[2026-02-28 02:11:13] [ShopID:1193] [COCOAT（ココアット）] [https://www.cocoat-aroma.com/] [AI学習失敗]
[2026-02-28 02:11:43] [ShopID:1192] [Mrs.Grace Spa（ミセスグレイススパ）] [https://mrs-grace-spa.com/] [AI学習失敗]
[2026-02-28 02:12:09] [ShopID:1191] [Refresh Service（リフレッシュサービス）] [https://osaka.refreshservice.co.jp/] [AI学習失敗]
[2026-02-28 02:12:36] [ShopID:1190] [極みのミセス HITO NO YOME（ヒトノヨメ）] [https://kiwamrs.com/] [AI学習失敗]
[2026-02-28 02:13:04] [ShopID:1189] [Exe Rouge（エグゼルージュ）（出張）] [https://exerouge.com/] [AI学習失敗]
[2026-02-28 02:13:30] [ShopID:1188] [ぴゅあぴゅあ神戸] [https://purepure-kobe.com/] [AI学習失敗]
[2026-02-28 02:13:58] [ShopID:1187] [Plumeria（プルメリア）] [https://www.esthe-plumeria.com/] [AI学習失敗]
[2026-02-28 02:14:25] [ShopID:1186] [Kobe Eslino（エスリノ）] [https://eslino-kobe.com/] [AI学習失敗]
[2026-02-28 02:14:53] [ShopID:1185] [LINDA LINDA（リンダリンダ）（出張）] [https://linda-himeji.com/] [AI学習失敗]
[2026-02-28 02:15:21] [ShopID:1184] [LIEBE SPA（リーベスパ）] [https://liebespa.com/] [AI学習失敗]
[2026-02-28 02:15:48] [ShopID:1183] [Tight＆Flare（タイト＆フレア）] [https://tight-flare.com/] [AI学習失敗]
[2026-02-28 02:16:16] [ShopID:1182] [KINGDOM（キングダム）] [https://www.ms-kingdom.info/] [AI学習失敗]
[2026-02-28 02:16:43] [ShopID:1181] [KOBE QUEEN（コウベクイーン）] [https://kobe-queen.net/] [AI学習失敗]
[2026-02-28 02:17:09] [ShopID:1180] [ミセスメルティー 姫路店] [https://melty-himeji.com/] [AI学習失敗]
[2026-02-28 02:17:37] [ShopID:1179] [姫路／西明石 ITADAKI SPA] [https://itadakispa.net/] [AI学習失敗]
[2026-02-28 02:18:07] [ShopID:1178] [Mrs Beauty Line（ミセスビューティーライン）] [https://mrs-beauty-line.com/] [AI学習失敗]
[2026-02-28 02:18:34] [ShopID:1177] [癒し本舗 大阪店] [https://iyashihonpo-group.com/osaka/] [AI学習失敗]
[2026-02-28 02:19:02] [ShopID:1176] [Preseine 堺店（プリセーヌ）] [https://www.esthe-sakai.jp/] [AI学習失敗]
[2026-02-28 02:19:29] [ShopID:1175] [ミセス・ムーンR 神戸店（出張）] [https://moor-kobe.jp/] [AI学習失敗]
[2026-02-28 02:19:56] [ShopID:1174] [LA BELLA（ラベーラ）（出張）] [https://labella-osaka.net/] [AI学習失敗]
[2026-02-28 02:20:24] [ShopID:1173] [ぼくの彼女SPA] [https://www.boku-no-kanojo.net/] [AI学習失敗]
[2026-02-28 02:20:52] [ShopID:1172] [なにわ小町] [https://naniwa-komachi.com/] [AI学習失敗]
[2026-02-28 02:21:20] [ShopID:1171] [One Class（ワンクラス）] [https://osakaoneclass.com/] [AI学習失敗]
[2026-02-28 02:21:47] [ShopID:1170] [ITADAKI（イタダキ）] [https://www.itadaki-top.com/] [AI学習失敗]
[2026-02-28 02:22:13] [ShopID:1169] [MOTEJO（モテジョ）] [https://motejo-osaka.com/] [AI学習失敗]
[2026-02-28 02:22:41] [ShopID:1168] [天使の癒し] [https://www.tenshinoiyashi.net/] [AI学習失敗]
[2026-02-28 02:23:09] [ShopID:1167] [癒し待夢（いやしたいむ）] [https://www.184time.com] [AI学習失敗]
[2026-02-28 02:23:37] [ShopID:1166] [Celia（セリア）] [https://celia-osaka.com/] [AI学習失敗]
[2026-02-28 02:24:03] [ShopID:1165] [AROMA MIREIA（アロマミレイア）] [https://aromamireia.com/] [AI学習失敗]
[2026-02-28 02:24:31] [ShopID:894] [プレミアムSPA 癒刻（ゆこく）] [https://yukoku-esthe.com/] [AI学習失敗]
[2026-02-28 02:24:57] [ShopID:893] [TAKETONBO 江坂] [https://taketonbo-mensesthe.com/] [AI学習失敗]
[2026-02-28 02:25:24] [ShopID:892] [REST second（レストセカンド）] [https://restsecond-kisiwada.com/] [AI学習失敗]
[2026-02-28 02:25:51] [ShopID:891] [Restpia（レストピア）] [https://restpia-es.com/] [AI学習失敗]
[2026-02-28 02:26:20] [ShopID:890] [Hestia（エスティア）] [https://osaka.refle.info/pUrl/relaxation-hestia/] [AI学習失敗]
[2026-02-28 02:26:51] [ShopID:889] [REFRE LISE（リフレ リセ）] [https://refrelise.net/] [AI学習失敗]
[2026-02-28 02:27:19] [ShopID:888] [マダム江坂] [https://madam-esaka.com/] [AI学習失敗]
[2026-02-28 02:27:47] [ShopID:887] [LEON SPA Gold 江坂店（レオンスパゴールド）] [https://leonspa-gold-e.com/] [AI学習失敗]
[2026-02-28 02:28:15] [ShopID:886] [Lavene Mrs（ラヴェーネ ミセス）] [https://osaka.refle.info/pUrl/lavene-mrs/] [AI学習失敗]
[2026-02-28 02:28:46] [ShopID:885] [祇園 the.Mrs 天満橋店（ぎおんザミセス）] [https://gion-mrs.com/] [AI学習失敗]
[2026-02-28 02:29:14] [ShopID:884] [SPA Mona 東大阪布施店（スパモナ）] [https://menesthe-fuse-mona.jp/] [AI学習失敗]
[2026-02-28 02:29:42] [ShopID:883] [FROG SPA（フロッグスパ）] [https://frog-spa.com/] [AI学習失敗]
[2026-02-28 02:30:09] [ShopID:882] [FLAG（フラッグ）] [https://flag-osaka.net/] [AI学習失敗]
[2026-02-28 02:30:36] [ShopID:881] [cocone（ココネ）] [https://esthe-cocone.com/] [AI学習失敗]
[2026-02-28 02:31:04] [ShopID:880] [Drnu（ドクターヌ）] [https://drnu-osaka.com/] [AI学習失敗]
[2026-02-28 02:31:32] [ShopID:879] [Cecile（セシル）] [https://cecile.men-este.com/] [AI学習失敗]
[2026-02-28 02:31:59] [ShopID:878] [Mrs.burekuru（ミセスブレクル）] [https://burekuru.com/] [AI学習失敗]
[2026-02-28 02:32:27] [ShopID:877] [Betty SPA] [https://bettyspa888.wixsite.com/betty-spa/home] [AI学習失敗]
[2026-02-28 02:32:55] [ShopID:876] [atto spa 茨木（アットスパ）] [https://attospa-mensesthe.com/] [AI学習失敗]
[2026-02-28 02:33:22] [ShopID:875] [アロマローズ] [https://aroma-rose-mens.net/] [AI学習失敗]
[2026-02-28 02:33:51] [ShopID:874] [AROMA OLA（アロマオーラ）] [http://www.aromaola.com/] [AI学習失敗]
[2026-02-28 02:34:19] [ShopID:873] [アロマーナ] [https://aromana.net/] [AI学習失敗]
[2026-02-28 02:34:48] [ShopID:872] [アロマ・デ・バンビ] [https://osaka.refle.info/pUrl/aromade-bnmbi/] [AI学習失敗]
[2026-02-28 02:35:15] [ShopID:871] [Anju spa（アンジュスパ）] [https://anjuspa.com/] [AI学習失敗]
[2026-02-28 02:35:42] [ShopID:870] [旋律（せんりつ）] [https://senritu.jp/] [AI学習失敗]
[2026-02-28 02:36:12] [ShopID:869] [MOCA（モカ）] [https://www.salon-moca.com/] [AI学習失敗]
[2026-02-28 02:36:40] [ShopID:868] [鏡花水月（きょうかすいげつ）] [https://kyokasuigetsuosaka.net/] [AI学習失敗]
[2026-02-28 02:37:08] [ShopID:867] [おかあさんとぼく] [https://www.kominkaiyashi.com] [AI学習失敗]
[2026-02-28 02:37:35] [ShopID:866] [Embrace（エンブレイス）] [https://www.embraceosaka.com/] [AI学習失敗]
[2026-02-28 02:38:02] [ShopID:865] [C-REST（シーレスト）] [https://c-rest.jp/] [AI学習失敗]
[2026-02-28 02:38:30] [ShopID:862] [Share Garden（シェアガーデン）] [https://www.sharegareden.com/] [AI学習失敗]
[2026-02-28 02:38:57] [ShopID:861] [session（セッション）] [https://session.blue/] [AI学習失敗]
[2026-02-28 02:39:25] [ShopID:860] [Royal RODY Head Spa（ロイヤルロディヘッドスパ）] [https://rody-head-spa.com/] [AI学習失敗]
[2026-02-28 02:39:53] [ShopID:859] [Reve MISTREA（レーヴ ミストレア）（出張）] [https://reve-mistrea.com/] [AI学習失敗]
[2026-02-28 02:40:20] [ShopID:858] [Pershia（ペルシア）] [https://pershia.jp/] [AI学習失敗]
[2026-02-28 02:40:47] [ShopID:857] [PRINCE（プリンス）] [https://www.osaka-prince.com/] [AI学習失敗]
[2026-02-28 02:41:17] [ShopID:855] [my graduation（マイグラジュエーション）（出張）] [https://osaka.refle.info/pUrl/my-graduation-d/] [AI学習失敗]
[2026-02-28 02:41:44] [ShopID:854] [Mrs.Opal（ミセスオパール）] [https://mrsopal.com/] [AI学習失敗]
[2026-02-28 02:42:12] [ShopID:853] [Mrs.FlowerSPA（ミセスフラワースパ）] [https://mrs-flowerspa.com/] [AI学習失敗]
[2026-02-28 02:42:39] [ShopID:851] [LOVE+（ラブプラス）] [https://love-plus.jp/] [AI学習失敗]
[2026-02-28 02:43:06] [ShopID:850] [La vie et 北新地（ラヴィエ）（出張）] [https://lavieet.net/] [AI学習失敗]
[2026-02-28 02:43:34] [ShopID:849] [小悪魔Alice 梅田・新大阪（アリス）] [https://koakuma-alice.com/] [AI学習失敗]
[2026-02-28 02:44:02] [ShopID:848] [CELEB SPA PREMIUM（セレブスパプレミアム）] [https://kitashinchiceleb.com/] [AI学習失敗]
[2026-02-28 02:44:28] [ShopID:847] [KARIA.I（カリアドットアイ）] [https://karia-i.com/home] [AI学習失敗]
[2026-02-28 02:44:56] [ShopID:846] [隠れ家] [https://kakurega-iyashi.com/] [AI学習失敗]
[2026-02-28 02:45:23] [ShopID:845] [Grand Ange（グランアンジュ）] [https://grandange.com/] [AI学習失敗]
[2026-02-28 02:45:50] [ShopID:844] [Good Spa Evolution（グッドスパエボリューション）] [https://goodspa-evo.com/] [AI学習失敗]
[2026-02-28 02:46:16] [ShopID:843] [GoCoo（ゴクウ）] [https://gocoo--osaka.com/] [AI学習失敗]
[2026-02-28 02:46:44] [ShopID:842] [Eden Spa（エデンスパ）] [https://eden-spa.jp/] [AI学習失敗]
[2026-02-28 02:47:13] [ShopID:840] [Darlin Premium（ダーリンプレミアム）] [https://darlin-premium.com/] [AI学習失敗]
[2026-02-28 02:47:39] [ShopID:839] [COLOR（カラー）] [https://color-esthe.com/] [AI学習失敗]
[2026-02-28 02:48:07] [ShopID:838] [ChouChou（シュシュ）] [https://chouchou-kitashinchi.com/] [AI学習失敗]
[2026-02-28 02:48:35] [ShopID:837] [うさぎのお部屋] [https://bunny-room.com/] [AI学習失敗]
[2026-02-28 02:49:02] [ShopID:836] [BULL（ブル）] [https://bull-osaka.com/] [AI学習失敗]
[2026-02-28 02:49:28] [ShopID:835] [BELCHIC（ベルシック）] [https://belchic.net/] [AI学習失敗]
[2026-02-28 02:49:55] [ShopID:834] [BEAUTY AND BEAST（ビューティーアンドビースト）] [https://beauty-and-beast.net/] [AI学習失敗]
[2026-02-28 02:50:23] [ShopID:833] [美魔女セラピー（出張）] [https://b-majo.biz/] [AI学習失敗]
[2026-02-28 02:50:50] [ShopID:832] [Arc-en-Ciel（アルカンシェル）] [https://arcenciel-osaka.com/] [AI学習失敗]
[2026-02-28 02:51:18] [ShopID:830] [ZENITH spa（ゼニススパ）] [https://zenithspa.jp/] [AI学習失敗]
[2026-02-28 02:51:44] [ShopID:829] [YOLU SPA 大阪店（ヨルスパ）] [https://yoluspa-osaka.net/] [AI学習失敗]
[2026-02-28 02:52:11] [ShopID:828] [VISCONTI（ヴィスコンティ）] [http://www.menseste.jp/] [AI学習失敗]
[2026-02-28 02:52:38] [ShopID:827] [VIOLETSPA（ヴィオレスパ）] [https://violet-spa.net/] [AI学習失敗]
[2026-02-28 02:53:04] [ShopID:826] [Un Secret（アンスクレ）] [https://unsecret-osaka.com/top.php] [AI学習失敗]
[2026-02-28 02:53:31] [ShopID:825] [とろりんタイム] [https://tororintime.com/] [AI学習失敗]
[2026-02-28 02:53:59] [ShopID:824] [thoroughbred（サラブレッド）] [https://thoroughbred-osaka.com/] [AI学習失敗]
[2026-02-28 02:54:26] [ShopID:823] [Smoothie（スムージー）] [https://smoothie-esthe.net/] [AI学習失敗]
[2026-02-28 02:54:53] [ShopID:822] [薔薇と紳士（出張）] [https://rose-gentleman.com/top.php] [AI学習失敗]
[2026-02-28 02:55:20] [ShopID:821] [RESTSPA PREMIUM（レストスパプレミアム）] [https://restspa-premium.com/] [AI学習失敗]
[2026-02-28 02:55:47] [ShopID:820] [LUXY（ラグジー）] [https://luxy-spa.com/top.php] [AI学習失敗]
[2026-02-28 02:56:14] [ShopID:818] [俺の家 日本橋店] [https://ore-no-ie.com/] [AI学習失敗]
[2026-02-28 02:56:42] [ShopID:817] [なにわ女子] [https://naniwajoshi.com/] [AI学習失敗]
[2026-02-28 02:57:09] [ShopID:815] [Mrs.HOLIC（ミセス ホリック）] [https://mrs-holic.com/] [AI学習失敗]
[2026-02-28 02:57:36] [ShopID:814] [Mrs.Femme Fatale（ミセスファムファタール）] [https://mrs-femmefatale.com/] [AI学習失敗]
[2026-02-28 02:58:02] [ShopID:813] [ミセス・ムーンR 大阪店（出張）] [https://www.moonr.jp/] [AI学習失敗]
[2026-02-28 02:58:28] [ShopID:812] [milk tea（ミルクティー）] [https://osakamilktea.com/] [AI学習失敗]
[2026-02-28 02:58:57] [ShopID:811] [Melty Room（メルティールーム）] [https://meltyroom.com/] [AI学習失敗]
[2026-02-28 02:59:25] [ShopID:810] [spa MAYBE（メイビー）] [https://spamaybe.com/] [AI学習失敗]
[2026-02-28 02:59:52] [ShopID:809] [マダムの秘密] [https://madamsecret-esthe.com/] [AI学習失敗]
[2026-02-28 03:00:20] [ShopID:808] [煌めきSPA（きらめきスパ）] [https://kiramekispa.com/] [AI学習失敗]
[2026-02-28 03:00:47] [ShopID:807] [君色ドレスSPA] [https://kimiiro-dress.men-este.com/] [AI学習失敗]
[2026-02-28 03:01:15] [ShopID:806] [貴婦人倶楽部（きふじんくらぶ）] [https://kifujinclub.com/] [AI学習失敗]
[2026-02-28 03:01:43] [ShopID:805] [Karisome（かりそめ）] [https://karisome.jp/] [AI学習失敗]
[2026-02-28 03:02:11] [ShopID:804] [KAREN（カレン）] [https://mrskaren.com/top] [AI学習失敗]
[2026-02-28 03:02:38] [ShopID:802] [Grand Luxe（グランリュクス）] [https://grandluxe-osaka.com/top.php] [AI学習失敗]
[2026-02-28 03:03:06] [ShopID:801] [神の領域] [https://gods-territory.net/] [AI学習失敗]
[2026-02-28 03:03:33] [ShopID:800] [GENTLE+（ジェントルプラス）] [https://osaka-gentle-plus.com/] [AI学習失敗]
[2026-02-28 03:04:01] [ShopID:799] [Firstclass（ファーストクラス）] [https://firstclass-osaka.net/] [AI学習失敗]
[2026-02-28 03:04:28] [ShopID:798] [Femme Fatale（ファムファタール）（出張）] [https://femmefatale-osaka.net/] [AI学習失敗]
[2026-02-28 03:04:55] [ShopID:797] [E・Over（イーオーバー）] [https://e-over.com/] [AI学習失敗]
[2026-02-28 03:05:22] [ShopID:796] [DEAR（ディアー）] [https://dear-osaka.com/] [AI学習失敗]
[2026-02-28 03:05:54] [ShopID:794] [CLUB LEGGENDA（クラブレジェンダ）] [https://club-leggenda.com/] [AI学習失敗]
[2026-02-28 03:06:20] [ShopID:793] [ぶるーべりーSPA] [https://blueberryspa.net/] [AI学習失敗]
[2026-02-28 03:06:47] [ShopID:792] [Bell.Madonna（ベルマドンナ）（出張）] [https://bellmadonna.net/] [AI学習失敗]
[2026-02-28 03:07:14] [ShopID:791] [当たりSPA 日本橋店] [https://atarispa.net/] [AI学習失敗]
[2026-02-28 03:07:42] [ShopID:790] [Aroma one（アロマワン）] [https://esthe-aromaone.com/] [AI学習失敗]
[2026-02-28 03:08:09] [ShopID:789] [ANA SPACIA（アナスパシア）] [https://anaspacia.com] [AI学習失敗]
[2026-02-28 03:08:36] [ShopID:788] [ALYO（アルヨ）] [https://alyo.net/] [AI学習失敗]
[2026-02-28 03:09:02] [ShopID:787] [山崎（やまざき）] [https://yamazaki.men-este.com/] [AI学習失敗]
[2026-02-28 03:09:30] [ShopID:786] [ミセス美オーラ（出張）] [https://mrs-viaura.com/] [AI学習失敗]
[2026-02-28 03:09:58] [ShopID:785] [LEON SPA Gold 桜川店（レオンスパゴールド）] [https://lgosaka-esthe.com/] [AI学習失敗]
[2026-02-28 03:10:27] [ShopID:783] [Mrs.AUBE SPA（ミセスオーブスパ）] [https://www.aube-spa.com/] [AI学習失敗]
[2026-02-28 03:10:54] [ShopID:782] [癒しなでしこ] [https://iyashinadeshiko.com] [AI学習失敗]
[2026-02-28 03:11:21] [ShopID:781] [DSP（ディーエスピー）] [https://dsp-osaka.net/] [AI学習失敗]
[2026-02-28 03:11:48] [ShopID:780] [美魔女refle（出張）] [https://bimajo-refle.com/] [AI学習失敗]
[2026-02-28 03:12:16] [ShopID:779] [アヌSPA] [https://anuspa.club/] [AI学習失敗]
[2026-02-28 03:12:44] [ShopID:778] [Mrs.Mermaid（ミセスマーメイド）] [https://osaka.refle.info/pUrl/m-mermaid/] [AI学習失敗]
[2026-02-28 03:13:10] [ShopID:777] [もくきん堂] [http://www.osaka-mkd.com] [AI学習失敗]
[2026-02-28 03:13:37] [ShopID:776] [結 ミセス邸（ゆい）] [https://yui-mrstei.com/] [AI学習失敗]
[2026-02-28 03:14:05] [ShopID:775] [ゆだねて] [https://www.yudanete.com/] [AI学習失敗]
[2026-02-28 03:14:34] [ShopID:774] [Crocodile（クロコダイル）] [https://waniwani.jp/] [AI学習失敗]
[2026-02-28 03:15:02] [ShopID:773] [Venus（ヴィーナス）] [https://venusesthe.com/] [AI学習失敗]
[2026-02-28 03:15:29] [ShopID:772] [RINATO（リナート）] [https://rinato-osaka.com/] [AI学習失敗]
[2026-02-28 03:15:56] [ShopID:771] [赤まむし] [https://red-snake.jp/] [AI学習失敗]
[2026-02-28 03:16:23] [ShopID:770] [Alivie 新大阪（アリビエ）] [https://www.osaka-alivie.com/] [AI学習失敗]
[2026-02-28 03:16:50] [ShopID:769] [Mrs.Emmy（ミセスエミー）] [https://salon-emmy.com/] [AI学習失敗]
[2026-02-28 03:17:17] [ShopID:768] [Mrs.Rank UP（ミセスランクアップ）] [https://mrs-rankup.com/] [AI学習失敗]
[2026-02-28 03:17:44] [ShopID:767] [Mrs.OnlyOne 新大阪店（ミセスオンリーワン）] [https://www.mrs-onlyone.com/] [AI学習失敗]
[2026-02-28 03:18:12] [ShopID:764] [Mrs.Merci SPA 京都ルーム（ミセスメルシースパ）] [https://merci-spa.com/] [AI学習失敗]
[2026-02-28 03:18:39] [ShopID:763] [こころのゆりかご] [https://kokoronoyurikago-osaka.site/] [AI学習失敗]
[2026-02-28 03:19:08] [ShopID:762] [極SPA（きわみスパ）] [https://kiwami-spa.net/] [AI学習失敗]
[2026-02-28 03:19:36] [ShopID:761] [彼女ん家] [https://kanojonti.com/] [AI学習失敗]
[2026-02-28 03:20:04] [ShopID:760] [ヒルガオ] [https://hirugaosaka.com/] [AI学習失敗]
[2026-02-28 03:20:32] [ShopID:755] [DAZZLE（ダズル）] [https://dazzle-es.com/] [AI学習失敗]
[2026-02-28 03:20:59] [ShopID:754] [Checkmate 新大阪・梅田（チェックメイト）] [https://o-checkmate.com/] [AI学習失敗]
[2026-02-28 03:21:27] [ShopID:753] [Chaleureux（シャルル）] [https://chaleureux.net/] [AI学習失敗]
[2026-02-28 03:21:54] [ShopID:752] [僕のママスパ] [https://higashiyama1250.wixsite.com/home] [AI学習失敗]
[2026-02-28 03:22:22] [ShopID:750] [AMATERAS（アマテラス）] [https://amateras-osaka.com/] [AI学習失敗]
[2026-02-28 03:22:51] [ShopID:749] [愛のゆりかご] [https://ai-yurikago.com/] [AI学習失敗]
[2026-02-28 03:23:18] [ShopID:748] [4h（フォーエイチ）] [https://four-h.net/] [AI学習失敗]
[2026-02-28 03:23:45] [ShopID:747] [Sanando（サナンド）] [https://sanando.jp/] [AI学習失敗]
[2026-02-28 03:24:15] [ShopID:745] [Nurest（ヌーレスト）] [https://nurest.jp/] [AI学習失敗]
[2026-02-28 03:24:42] [ShopID:743] [マダムスパ] [http://www.madam-spa.net/] [AI学習失敗]
[2026-02-28 03:25:09] [ShopID:742] [Lumiere（リュミエール）] [https://esthe-lumiere.com/] [AI学習失敗]
[2026-02-28 03:25:38] [ShopID:741] [すきっと] [https://aromade-skit.com/] [AI学習失敗]
[2026-02-28 03:26:06] [ShopID:739] [みるくSPA] [https://milk-spa.com/] [AI学習失敗]
[2026-02-28 03:26:33] [ShopID:738] [Bellica（ベリカ）] [https://bellica-osaka.com/] [AI学習失敗]
[2026-02-28 03:27:00] [ShopID:736] [Relaxation Hug 堺店（ハグ）] [https://riraku-hug.com/] [AI学習失敗]
[2026-02-28 03:27:26] [ShopID:735] [おもち] [https://rice-cake.net/] [AI学習失敗]
[2026-02-28 03:27:54] [ShopID:734] [IncaRose（インカローズ）] [https://osaka-incarose.com/] [AI学習失敗]
[2026-02-28 03:28:22] [ShopID:733] [Oil Madrid（オイルマドリード）] [https://oilmadrid.com/] [AI学習失敗]
[2026-02-28 03:28:50] [ShopID:732] [MADAM JEWEL（マダムジュエル）] [https://madam-jewel.com/] [AI学習失敗]
[2026-02-28 03:29:19] [ShopID:731] [LEON SPA（レオンスパ）] [https://leonspa.net/] [AI学習失敗]
[2026-02-28 03:29:49] [ShopID:730] [LEON SPA Gold 堺東店（レオンスパゴールド）] [https://leonspa-gold.com/] [AI学習失敗]
[2026-02-28 03:30:16] [ShopID:729] [D.I.A 堺東店（ダイヤ）] [https://dia-osaka.com/] [AI学習失敗]
[2026-02-28 03:30:45] [ShopID:728] [CROWN MERMAID（クラウンマーメイド）] [http://www.crown-mermaid.com/] [AI学習失敗]
[2026-02-28 03:31:12] [ShopID:727] [Mrs.Bell＆Rose SPA（ミセスベルアンドローズスパ）] [https://bellrose-osaka.com/] [AI学習失敗]
[2026-02-28 03:31:40] [ShopID:725] [BAMBI SPA（バンビスパ）] [https://bambispa.com/] [AI学習失敗]
[2026-02-28 03:32:07] [ShopID:724] [Amore・SPA（アモーレスパ）] [https://amore-spa.com/] [AI学習失敗]
[2026-02-28 03:32:33] [ShopID:723] [ゆりかご] [https://kokoronoyurikago-osaka.site/] [AI学習失敗]
[2026-02-28 03:33:01] [ShopID:722] [優楽亭（ゆうらくてい）] [https://yuraku-tei.net/] [AI学習失敗]
[2026-02-28 03:33:28] [ShopID:721] [with（ウィズ）] [https://withosaka.com/] [AI学習失敗]
[2026-02-28 03:33:56] [ShopID:720] [和いふらいん] [https://wife-line.com/] [AI学習失敗]
[2026-02-28 03:34:24] [ShopID:719] [VIO:V（ヴィオーヴ）] [http://www.viov.jp/] [AI学習失敗]
[2026-02-28 03:34:52] [ShopID:718] [unison（ユニゾン）] [https://www.unison-osakawest.com/] [AI学習失敗]
[2026-02-28 03:35:20] [ShopID:717] [UNION＋（ユニオンプラス）] [https://union-plus-es.com/] [AI学習失敗]
[2026-02-28 03:35:49] [ShopID:716] [桃源郷（とうげんきょう）] [https://tougenkyou-osaka.com/] [AI学習失敗]
[2026-02-28 03:36:16] [ShopID:714] [天上人PREMIUM（てんじょうびとプレミアム）] [https://www.tenjoubitopr.com/] [AI学習失敗]
[2026-02-28 03:36:43] [ShopID:713] [TAMANEGI（タマネギ）] [https://tamanegiman.com/] [AI学習失敗]
[2026-02-28 03:37:12] [ShopID:712] [SPALOT.Mrs 新大阪店（スパロットミセス）] [https://spalot-mrs.com/] [AI学習失敗]
[2026-02-28 03:37:41] [ShopID:711] [Chaton（シャトン）] [https://spa-chaton.com/] [AI学習失敗]
[2026-02-28 03:38:08] [ShopID:710] [sirena I（シレーナ）] [https://sirenaosaka.com/] [AI学習失敗]
[2026-02-28 03:38:34] [ShopID:707] [Seven Luck 堺筋本町（セブンラック）] [https://sevenluck-sakahon.com/] [AI学習失敗]
[2026-02-28 03:39:01] [ShopID:706] [シークレットルーム ヒマワリ] [https://sr-himawari.com/] [AI学習失敗]
[2026-02-28 03:39:28] [ShopID:705] [堺筋本町倶楽部] [https://sakahon-club.com/] [AI学習失敗]
[2026-02-28 03:39:56] [ShopID:704] [Royal Sweet（ロイヤルスイート）] [https://royal-sweet.com/] [AI学習失敗]
[2026-02-28 03:40:23] [ShopID:703] [Relafull（リラフル）] [https://relafull.jp/] [AI学習失敗]
[2026-02-28 03:40:49] [ShopID:702] [Queen Spumante 長堀橋店（クイーンスプマンテ）] [https://queenspumante.com/] [AI学習失敗]
[2026-02-28 03:41:17] [ShopID:700] [プレミアム離宮] [https://osaka.refle.info/pUrl/premiumrikyu/] [AI学習失敗]
[2026-02-28 03:41:45] [ShopID:699] [ぷちどり～む] [https://petitpetit-dream.com/] [AI学習失敗]
[2026-02-28 03:42:13] [ShopID:698] [Perfume（パフューム）] [https://perfume-spa.com/] [AI学習失敗]
[2026-02-28 03:42:39] [ShopID:695] [MUSE（ミューズ）] [https://osaka-muse.com/] [AI学習失敗]
[2026-02-28 03:43:08] [ShopID:694] [Office Lady（オフィスレディ）] [https://officelady-osaka.com/] [AI学習失敗]
[2026-02-28 03:43:35] [ShopID:693] [Neo Mrs.Cyan（ネオミセスシアン）] [https://www.neo-mrs-cyan-osaka.com/] [AI学習失敗]
[2026-02-28 03:44:02] [ShopID:692] [Lycka（リッカ）] [http://www.ms-lycka.com/] [AI学習失敗]
[2026-02-28 03:44:30] [ShopID:691] [M‘s（エムズ）] [https://ms-kansai.net/] [AI学習失敗]
[2026-02-28 03:44:57] [ShopID:690] [Artist（アーティスト）] [https://www.ms-artist.com/] [AI学習失敗]
[2026-02-28 03:45:25] [ShopID:688] [ミセス大阪メンズエステPREMIER（プレミア）] [https://mrs-premier.com/] [AI学習失敗]
[2026-02-28 03:45:52] [ShopID:685] [Mrs.Fancy（ミセスファンシー）] [https://www.mrs-fancy.net/] [AI学習失敗]
[2026-02-28 03:46:19] [ShopID:684] [Mother Complex（マザーコンプレックス）] [https://mothercomplex.com/] [AI学習失敗]
[2026-02-28 03:46:46] [ShopID:683] [ミセスの子守唄] [https://mrs-komoriuta.com/] [AI学習失敗]
[2026-02-28 03:47:13] [ShopID:682] [メンズエステの会] [https://mens-esutenokai.com/] [AI学習失敗]
[2026-02-28 03:47:40] [ShopID:681] [Maria Elena（マリアエレーナ）] [https://mariaelena.jp/] [AI学習失敗]
[2026-02-28 03:48:09] [ShopID:680] [Magokoro（マゴコロ）] [https://osaka.refle.info/pUrl/magokoro/] [AI学習失敗]
[2026-02-28 03:48:36] [ShopID:679] [madame VODKA（マダムウォッカ）] [https://madamevodka.men-este.com/] [AI学習失敗]
[2026-02-28 03:49:04] [ShopID:677] [心和 堺筋本町店（こより）] [https://osaka-koyori.com/] [AI学習失敗]
[2026-02-28 03:49:31] [ShopID:676] [Kiss Mint（キスミント）] [https://osaka-kissmint.com/] [AI学習失敗]
[2026-02-28 03:49:58] [ShopID:674] [感謝] [https://kansya-osaka.com/] [AI学習失敗]
[2026-02-28 03:50:25] [ShopID:673] [庵（いおり）] [https://osaka-iori.com/] [AI学習失敗]
[2026-02-28 03:50:53] [ShopID:672] [Graf Spa（グラフスパ）] [https://graf-spa.com/] [AI学習失敗]
[2026-02-28 03:51:19] [ShopID:671] [G.O.A.T（ゴート）] [https://goat-osaka.com/] [AI学習失敗]
[2026-02-28 03:51:47] [ShopID:669] [Gals selection（ギャルズセレクション）] [https://galsselection.com/] [AI学習失敗]
[2026-02-28 03:52:15] [ShopID:668] [FORTY FIVE（フォーティーファイブ）] [https://fortyfive-45.com/] [AI学習失敗]
[2026-02-28 03:52:43] [ShopID:667] [FLYING SPA（フライングスパ）] [https://flyingspa.jp/] [AI学習失敗]
[2026-02-28 03:53:09] [ShopID:666] [Flora（フローラ）] [https://flora-osaka.net/] [AI学習失敗]
[2026-02-28 03:53:36] [ShopID:665] [Mrs.Feliciarc 堺筋本町店（ミセスフェリシアーク）] [https://feliciarc.net/] [AI学習失敗]
[2026-02-28 03:54:03] [ShopID:664] [FANTASY（ファンタジー）] [https://fantasy-spa.com/] [AI学習失敗]
[2026-02-28 03:54:31] [ShopID:663] [en（エン）] [https://osaka.refle.info/pUrl/en/] [AI学習失敗]
[2026-02-28 03:55:00] [ShopID:661] [E.S-DOLL Premium 本店（イーエスドールプレミアム）] [https://e-s-doll.com/] [AI学習失敗]
[2026-02-28 03:55:27] [ShopID:659] [CHILL OUT SPA（チルアウトスパ）] [https://chilloutspa.jp/] [AI学習失敗]
[2026-02-28 03:55:55] [ShopID:658] [Bellucci（ベルッチ）] [https://bellucci-osaka.com/] [AI学習失敗]
[2026-02-28 03:56:22] [ShopID:656] [aqua SPA（アクアスパ）] [https://aquaspa-osaka.com/] [AI学習失敗]
[2026-02-28 03:56:49] [ShopID:655] [ミセスあまおうセラピ] [https://amaou-therapi.jp/] [AI学習失敗]
[2026-02-28 03:57:17] [ShopID:654] [1st the best（ファーストザベスト）] [https://www.1st5610.net/] [AI学習失敗]
[2026-02-28 03:57:44] [ShopID:653] [天雅（てんが）] [https://tenga-osaka.com/] [AI学習失敗]
[2026-02-28 03:58:11] [ShopID:652] [ステキSpa] [https://suteki-spa.com/top] [AI学習失敗]
[2026-02-28 03:58:40] [ShopID:651] [Reluman（リラマン）] [https://reluman-osaka.com/] [AI学習失敗]
[2026-02-28 03:59:07] [ShopID:650] [joker（ジョーカー）] [https://osaka-joker.com/] [AI学習失敗]
[2026-02-28 03:59:33] [ShopID:649] [Mrs.Style（ミセススタイル）] [https://mrsstyle.net/] [AI学習失敗]
[2026-02-28 04:00:01] [ShopID:648] [桃華（ももか）] [http://momoka-relax.com/] [AI学習失敗]
[2026-02-28 04:00:28] [ShopID:647] [Mrs.Gold Tiara 新大阪店（ミセスゴールドティアラ）] [https://gold-tiara.net/] [AI学習失敗]
[2026-02-28 04:00:56] [ShopID:645] [FURYU（フウリュウ）] [https://furyu.net/] [AI学習失敗]
[2026-02-28 04:01:24] [ShopID:644] [Dea spa（デアスパ）] [https://deaspaosaka.com/] [AI学習失敗]
[2026-02-28 04:01:51] [ShopID:643] [BEST STAR（ベストスター）] [https://beststar-osaka.com/] [AI学習失敗]
[2026-02-28 04:02:19] [ShopID:642] [BELLO SAVON（ベロサボン）] [https://bellosavon.com/] [AI学習失敗]
[2026-02-28 04:02:46] [ShopID:640] [aroma story’s（アロマ ストーリーズ）] [https://aroma-stories.shopinfo.jp] [AI学習失敗]
